// Jest Snapshot v1, https://goo.gl/fbAQLP

exports[`UserModels renders 1`] = `
{
  "asFragment": [Function],
  "baseElement": <body>
    <div>
      <div
        class="MuiGrid2-root MuiGrid2-container MuiGrid2-direction-xs-row MuiGrid2-spacing-xs-2 css-1qi6pw9-MuiGrid2-root"
      >
        <div
          class="MuiGrid2-root MuiGrid2-direction-xs-row MuiGrid2-grid-xs-6 css-16po66n-MuiGrid2-root"
        >
          <h5
            class="MuiTypography-root MuiTypography-h5 css-ku7d13-MuiTypography-root"
          >
            Your Models
          </h5>
          <p
            class="MuiTypography-root MuiTypography-body1 dimmed css-1edfpdg-MuiTypography-root"
          >
            These models are bound to your account and not bound to a specific system.
          </p>
          <br />
          <div
            class="MuiBox-root css-0"
          >
            <a
              href="/model/new"
            >
              <button
                class="MuiButtonBase-root MuiButton-root MuiButton-outlined MuiButton-outlinedPrimary MuiButton-sizeMedium MuiButton-outlinedSizeMedium MuiButton-colorPrimary MuiButton-root MuiButton-outlined MuiButton-outlinedPrimary MuiButton-sizeMedium MuiButton-outlinedSizeMedium MuiButton-colorPrimary css-b4yaxo-MuiButtonBase-root-MuiButton-root"
                tabindex="0"
                type="button"
              >
                Create New Model
              </button>
            </a>
          </div>
          <br />
          <hr
            class="MuiDivider-root MuiDivider-fullWidth css-9mgopn-MuiDivider-root"
          />
          <div
            class="MuiPaper-root MuiPaper-elevation MuiPaper-rounded MuiPaper-elevation1 MuiCard-root css-1pyfb4v-MuiPaper-root-MuiCard-root"
            style="--Paper-shadow: 0px 2px 1px -1px rgba(0,0,0,0.2),0px 1px 1px 0px rgba(0,0,0,0.14),0px 1px 3px 0px rgba(0,0,0,0.12);"
          >
            <div
              class="MuiCardContent-root css-46bh2p-MuiCardContent-root"
            >
              <div
                class="loading"
              >
                <div />
                <div />
                <div />
                <div />
              </div>
              <ul
                class="MuiList-root MuiList-padding css-1u169s7-MuiList-root"
              >
                <div
                  class="MuiListItemText-root css-1y2w5y4-MuiListItemText-root"
                >
                  <span
                    class="MuiTypography-root MuiTypography-body1 MuiListItemText-primary css-1edfpdg-MuiTypography-root"
                  >
                    No models exist
                  </span>
                </div>
              </ul>
            </div>
          </div>
        </div>
      </div>
    </div>
  </body>,
  "container": <div>
    <div
      class="MuiGrid2-root MuiGrid2-container MuiGrid2-direction-xs-row MuiGrid2-spacing-xs-2 css-1qi6pw9-MuiGrid2-root"
    >
      <div
        class="MuiGrid2-root MuiGrid2-direction-xs-row MuiGrid2-grid-xs-6 css-16po66n-MuiGrid2-root"
      >
        <h5
          class="MuiTypography-root MuiTypography-h5 css-ku7d13-MuiTypography-root"
        >
          Your Models
        </h5>
        <p
          class="MuiTypography-root MuiTypography-body1 dimmed css-1edfpdg-MuiTypography-root"
        >
          These models are bound to your account and not bound to a specific system.
        </p>
        <br />
        <div
          class="MuiBox-root css-0"
        >
          <a
            href="/model/new"
          >
            <button
              class="MuiButtonBase-root MuiButton-root MuiButton-outlined MuiButton-outlinedPrimary MuiButton-sizeMedium MuiButton-outlinedSizeMedium MuiButton-colorPrimary MuiButton-root MuiButton-outlined MuiButton-outlinedPrimary MuiButton-sizeMedium MuiButton-outlinedSizeMedium MuiButton-colorPrimary css-b4yaxo-MuiButtonBase-root-MuiButton-root"
              tabindex="0"
              type="button"
            >
              Create New Model
            </button>
          </a>
        </div>
        <br />
        <hr
          class="MuiDivider-root MuiDivider-fullWidth css-9mgopn-MuiDivider-root"
        />
        <div
          class="MuiPaper-root MuiPaper-elevation MuiPaper-rounded MuiPaper-elevation1 MuiCard-root css-1pyfb4v-MuiPaper-root-MuiCard-root"
          style="--Paper-shadow: 0px 2px 1px -1px rgba(0,0,0,0.2),0px 1px 1px 0px rgba(0,0,0,0.14),0px 1px 3px 0px rgba(0,0,0,0.12);"
        >
          <div
            class="MuiCardContent-root css-46bh2p-MuiCardContent-root"
          >
            <div
              class="loading"
            >
              <div />
              <div />
              <div />
              <div />
            </div>
            <ul
              class="MuiList-root MuiList-padding css-1u169s7-MuiList-root"
            >
              <div
                class="MuiListItemText-root css-1y2w5y4-MuiListItemText-root"
              >
                <span
                  class="MuiTypography-root MuiTypography-body1 MuiListItemText-primary css-1edfpdg-MuiTypography-root"
                >
                  No models exist
                </span>
              </div>
            </ul>
          </div>
        </div>
      </div>
    </div>
  </div>,
  "debug": [Function],
  "findAllByAltText": [Function],
  "findAllByDisplayValue": [Function],
  "findAllByLabelText": [Function],
  "findAllByPlaceholderText": [Function],
  "findAllByRole": [Function],
  "findAllByTestId": [Function],
  "findAllByText": [Function],
  "findAllByTitle": [Function],
  "findByAltText": [Function],
  "findByDisplayValue": [Function],
  "findByLabelText": [Function],
  "findByPlaceholderText": [Function],
  "findByRole": [Function],
  "findByTestId": [Function],
  "findByText": [Function],
  "findByTitle": [Function],
  "getAllByAltText": [Function],
  "getAllByDisplayValue": [Function],
  "getAllByLabelText": [Function],
  "getAllByPlaceholderText": [Function],
  "getAllByRole": [Function],
  "getAllByTestId": [Function],
  "getAllByText": [Function],
  "getAllByTitle": [Function],
  "getByAltText": [Function],
  "getByDisplayValue": [Function],
  "getByLabelText": [Function],
  "getByPlaceholderText": [Function],
  "getByRole": [Function],
  "getByTestId": [Function],
  "getByText": [Function],
  "getByTitle": [Function],
  "queryAllByAltText": [Function],
  "queryAllByDisplayValue": [Function],
  "queryAllByLabelText": [Function],
  "queryAllByPlaceholderText": [Function],
  "queryAllByRole": [Function],
  "queryAllByTestId": [Function],
  "queryAllByText": [Function],
  "queryAllByTitle": [Function],
  "queryByAltText": [Function],
  "queryByDisplayValue": [Function],
  "queryByLabelText": [Function],
  "queryByPlaceholderText": [Function],
  "queryByRole": [Function],
  "queryByTestId": [Function],
  "queryByText": [Function],
  "queryByTitle": [Function],
  "rerender": [Function],
  "unmount": [Function],
}
`;
